Testing Backend Health...
Health Check: 200 - {'status': 'healthy'}

Testing Policy Generation...
Policy Generation: 500
Policy Generation FAILED: <!doctype html>
<html lang=en>
  <head>
    <title>google.api_core.exceptions.NotFound: 404 models/gemini-pro is not found for API version v1beta, or is not supported for generateContent. Call ListModels to see the list of available models and their supported methods.
 // Werkzeug Debugger</title>
    <link rel="stylesheet" href="?__debugger__=yes&amp;cmd=resource&amp;f=style.css">
    <link rel="shortcut icon"
        href="?__debugger__=yes&amp;cmd=resource&amp;f=console.png">
    <script src="?__debugger__=yes&amp;cmd=resource&amp;f=debugger.js"></script>
    <script>
      var CONSOLE_MODE = false,
          EVALEX = true,
          EVALEX_TRUSTED = false,
          SECRET = "bEAenBx0h7ljCNmyAbDa";
    </script>
  </head>
  <body style="background-color: #fff">
    <div class="debugger">
<h1>NotFound</h1>
<div class="detail">
  <p class="errormsg">google.api_core.exceptions.NotFound: 404 models/gemini-pro is not found for API version v1beta, or is not supported for generateContent. Call ListModels to see the list of available models and their supported methods.
</p>
</div>
<h2 class="traceback">Traceback <em>(most recent call last)</em></h2>
<div class="traceback">
  <h3></h3>
  <ul><li><div class="frame" id="frame-2144846224336">
  <h4>File <cite class="filename">"C:\Users\abc\AppData\Local\Programs\Python\Python312\Lib\site-packages\flask\app.py"</cite>,
      line <em class="line">1478</em>,
      in <code class="function">__call__</code></h4>
  <div class="source library"><pre class="line before"><span class="ws">    </span>def __call__(self, environ: dict, start_response: t.Callable) -&gt; t.Any:</pre>
<pre class="line before"><span class="ws">        </span>&#34;&#34;&#34;The WSGI server calls the Flask application object as the</pre>
<pre class="line before"><span class="ws">        </span>WSGI application. This calls :meth:`wsgi_app`, which can be</pre>
<pre class="line before"><span class="ws">        </span>wrapped to apply middleware.</pre>
<pre class="line before"><span class="ws">        </span>&#34;&#34;&#34;</pre>
<pre class="line current"><span class="ws">        </span>return self.wsgi_app(environ, start_response)
<span class="ws">        </span>       ^^^^^^^^^^^^^^^^^^^^^^^^^^^^^^^^^^^^^^</pre></div>
</div>

<li><div class="frame" id="frame-2144846224192">
  <h4>File <cite class="filename">"C:\Users\abc\AppData\Local\Programs\Python\Python312\Lib\site-packages\flask\app.py"</cite>,
      line <em class="line">1458</em>,
      in <code class="function">wsgi_app</code></h4>
  <div class="source library"><pre class="line before"><span class="ws">            </span>try:</pre>
<pre class="line before"><span class="ws">                </span>ctx.push()</pre>
<pre class="line before"><span class="ws">                </span>response = self.full_dispatch_request()</pre>
<pre class="line before"><span class="ws">            </span>except Exception as e:</pre>
<pre class="line before"><span class="ws">                </span>error = e</pre>
<pre class="line current"><span class="ws">                </span>response = self.handle_exception(e)
<span class="ws">                </span>           ^^^^^^^^^^^^^^^^^^^^^^^^</pre>
<pre class="line after"><span class="ws">            </span>except:  # noqa: B001</pre>
<pre class="line after"><span class="ws">                </span>error = sys.exc_info()[1]</pre>
<pre class="line after"><span class="ws">                </span>raise</pre>
<pre class="line after"><span class="ws">            </span>return response(environ, start_response)</pre>
<pre class="line after"><span class="ws">        </span>finally:</pre></div>
</div>

<li><div class="frame" id="frame-2144846224048">
  <h4>File <cite class="filename">"C:\Users\abc\AppData\Local\Programs\Python\Python312\Lib\site-packages\flask_cors\extension.py"</cite>,
      line <em class="line">176</em>,
      in <code class="function">wrapped_function</code></h4>
  <div class="source library"><pre class="line before"><span class="ws">        </span># These error handlers will still respect the behavior of the route</pre>
<pre class="line before"><span class="ws">        </span>if options.get(&#34;intercept_exceptions&#34;, True):</pre>
<pre class="line before"><span class="ws"></span> </pre>
<pre class="line before"><span class="ws">            </span>def _after_request_decorator(f):</pre>
<pre class="line before"><span class="ws">                </span>def wrapped_function(*args, **kwargs):</pre>
<pre class="line current"><span class="ws">                    </span>return cors_after_request(app.make_response(f(*args, **kwargs)))
<span class="ws">                    </span>                                            ^^^^^^^^^^^^^^^^^^</pre>
<pre class="line after"><span class="ws"></span> </pre>
<pre class="line after"><span class="ws">                </span>return wrapped_function</pre>
<pre class="line after"><span class="ws"></span> </pre>
<pre class="line after"><span class="ws">            </span>if hasattr(app, &#34;handle_exception&#34;):</pre>
<pre class="line after"><span class="ws">                </span>app.handle_exception = _after_request_decorator(app.handle_exception)</pre></div>
</div>

<li><div class="frame" id="frame-2144846224480">
  <h4>File <cite class="filename">"C:\Users\abc\AppData\Local\Programs\Python\Python312\Lib\site-packages\flask\app.py"</cite>,
      line <em class="line">1455</em>,
      in <code class="function">wsgi_app</code></h4>
  <div class="source library"><pre class="line before"><span class="ws">        </span>ctx = self.request_context(environ)</pre>
<pre class="line before"><span class="ws">        </span>error: BaseException | None = None</pre>
<pre class="line before"><span class="ws">        </span>try:</pre>
<pre class="line before"><span class="ws">            </span>try:</pre>
<pre class="line before"><span class="ws">                </span>ctx.push()</pre>
<pre class="line current"><span class="ws">                </span>response = self.full_dispatch_request()
<span class="ws">                </span>           ^^^^^^^^^^^^^^^^^^^^^^^^^^^^</pre>
<pre class="line after"><span class="ws">            </span>except Exception as e:</pre>
<pre class="line after"><span class="ws">                </span>error = e</pre>
<pre class="line after"><span class="ws">                </span>response = self.handle_exception(e)</pre>
<pre class="line after"><span class="ws">            </span>except:  # noqa: B001</pre>
<pre class="line after"><span class="ws">                </span>error = sys.exc_info()[1]</pre></div>
</div>

<li><div class="frame" id="frame-2144846224624">
  <h4>File <cite class="filename">"C:\Users\abc\AppData\Local\Programs\Python\Python312\Lib\site-packages\flask\app.py"</cite>,
      line <em class="line">869</em>,
      in <code class="function">full_dispatch_request</code></h4>
  <div class="source library"><pre class="line before"><span class="ws">            </span>request_started.send(self, _async_wrapper=self.ensure_sync)</pre>
<pre class="line before"><span class="ws">            </span>rv = self.preprocess_request()</pre>
<pre class="line before"><span class="ws">            </span>if rv is None:</pre>
<pre class="line before"><span class="ws">                </span>rv = self.dispatch_request()</pre>
<pre class="line before"><span class="ws">        </span>except Exception as e:</pre>
<pre class="line current"><span class="ws">            </span>rv = self.handle_user_exception(e)
<span class="ws">            </span>     ^^^^^^^^^^^^^^^^^^^^^^^^^^^^^</pre>
<pre class="line after"><span class="ws">        </span>return self.finalize_request(rv)</pre>
<pre class="line after"><span class="ws"></span> </pre>
<pre class="line after"><span class="ws">    </span>def finalize_request(</pre>
<pre class="line after"><span class="ws">        </span>self,</pre>
<pre class="line after"><span class="ws">        </span>rv: ft.ResponseReturnValue | HTTPException,</pre></div>
</div>

<li><div class="frame" id="frame-2144846224768">
  <h4>File <cite class="filename">"C:\Users\abc\AppData\Local\Programs\Python\Python312\Lib\site-packages\flask_cors\extension.py"</cite>,
      line <em class="line">176</em>,
      in <code class="function">wrapped_function</code></h4>
  <div class="source library"><pre class="line before"><span class="ws">        </span># These error handlers will still respect the behavior of the route</pre>
<pre class="line before"><span class="ws">        </span>if options.get(&#34;intercept_exceptions&#34;, True):</pre>
<pre class="line before"><span class="ws"></span> </pre>
<pre class="line before"><span class="ws">            </span>def _after_request_decorator(f):</pre>
<pre class="line before"><span class="ws">                </span>def wrapped_function(*args, **kwargs):</pre>
<pre class="line current"><span class="ws">                    </span>return cors_after_request(app.make_response(f(*args, **kwargs)))
<span class="ws">                    </span>                                            ^^^^^^^^^^^^^^^^^^</pre>
<pre class="line after"><span class="ws"></span> </pre>
<pre class="line after"><span class="ws">                </span>return wrapped_function</pre>
<pre class="line after"><span class="ws"></span> </pre>
<pre class="line after"><span class="ws">            </span>if hasattr(app, &#34;handle_exception&#34;):</pre>
<pre class="line after"><span class="ws">                </span>app.handle_exception = _after_request_decorator(app.handle_exception)</pre></div>
</div>

<li><div class="frame" id="frame-2144846224912">
  <h4>File <cite class="filename">"C:\Users\abc\AppData\Local\Programs\Python\Python312\Lib\site-packages\flask\app.py"</cite>,
      line <em class="line">867</em>,
      in <code class="function">full_dispatch_request</code></h4>
  <div class="source library"><pre class="line before"><span class="ws"></span> </pre>
<pre class="line before"><span class="ws">        </span>try:</pre>
<pre class="line before"><span class="ws">            </span>request_started.send(self, _async_wrapper=self.ensure_sync)</pre>
<pre class="line before"><span class="ws">            </span>rv = self.preprocess_request()</pre>
<pre class="line before"><span class="ws">            </span>if rv is None:</pre>
<pre class="line current"><span class="ws">                </span>rv = self.dispatch_request()
<span class="ws">                </span>     ^^^^^^^^^^^^^^^^^^^^^^^</pre>
<pre class="line after"><span class="ws">        </span>except Exception as e:</pre>
<pre class="line after"><span class="ws">            </span>rv = self.handle_user_exception(e)</pre>
<pre class="line after"><span class="ws">        </span>return self.finalize_request(rv)</pre>
<pre class="line after"><span class="ws"></span> </pre>
<pre class="line after"><span class="ws">    </span>def finalize_request(</pre></div>
</div>

<li><div class="frame" id="frame-2144846225056">
  <h4>File <cite class="filename">"C:\Users\abc\AppData\Local\Programs\Python\Python312\Lib\site-packages\flask\app.py"</cite>,
      line <em class="line">852</em>,
      in <code class="function">dispatch_request</code></h4>
  <div class="source library"><pre class="line before"><span class="ws">            </span>and req.method == &#34;OPTIONS&#34;</pre>
<pre class="line before"><span class="ws">        </span>):</pre>
<pre class="line before"><span class="ws">            </span>return self.make_default_options_response()</pre>
<pre class="line before"><span class="ws">        </span># otherwise dispatch to the handler for that endpoint</pre>
<pre class="line before"><span class="ws">        </span>view_args: dict[str, t.Any] = req.view_args  # type: ignore[assignment]</pre>
<pre class="line current"><span class="ws">        </span>return self.ensure_sync(self.view_functions[rule.endpoint])(**view_args)
<span class="ws">        </span>       ^^^^^^^^^^^^^^^^^^^^^^^^^^^^^^^^^^^^^^^^^^^^^^^^^^^^^^^^^^^^^^^^^</pre>
<pre class="line after"><span class="ws"></span> </pre>
<pre class="line after"><span class="ws">    </span>def full_dispatch_request(self) -&gt; Response:</pre>
<pre class="line after"><span class="ws">        </span>&#34;&#34;&#34;Dispatches the request and on top of that performs request</pre>
<pre class="line after"><span class="ws">        </span>pre and postprocessing as well as HTTP exception catching and</pre>
<pre class="line after"><span class="ws">        </span>error handling.</pre></div>
</div>

<li><div class="frame" id="frame-2144846225200">
  <h4>File <cite class="filename">"C:\Users\abc\Desktop\SB\insurence\backend\routes\policy_routes.py"</cite>,
      line <em class="line">32</em>,
      in <code class="function">create_policy</code></h4>
  <div class="source "><pre class="line before"><span class="ws">        </span>coverage_amount=insurance_details.get(&#39;coverage_amount&#39;, 100000),</pre>
<pre class="line before"><span class="ws">        </span>insurance_type=insurance_details.get(&#39;type&#39;, &#39;life&#39;)</pre>
<pre class="line before"><span class="ws">    </span>)</pre>
<pre class="line before"><span class="ws"></span> </pre>
<pre class="line before"><span class="ws">    </span># 3. AI Policy Generation</pre>
<pre class="line current"><span class="ws">    </span>policy_text = ai_service.generate_policy(
<span class="ws">    </span>              </pre>
<pre class="line after"><span class="ws">        </span>client_data=client_data,</pre>
<pre class="line after"><span class="ws">        </span>risk_result=risk_result.dict(),</pre>
<pre class="line after"><span class="ws">        </span>pricing_result=pricing_result.dict()</pre>
<pre class="line after"><span class="ws">    </span>)</pre>
<pre class="line after"><span class="ws"></span> </pre></div>
</div>

<li><div class="frame" id="frame-2144846225344">
  <h4>File <cite class="filename">"C:\Users\abc\Desktop\SB\insurence\backend\services\ai_service.py"</cite>,
      line <em class="line">38</em>,
      in <code class="function">generate_policy</code></h4>
  <div class="source "><pre class="line before"><span class="ws"></span> </pre>
<pre class="line before"><span class="ws">        </span>Format the output as a well-structured Markdown document.</pre>
<pre class="line before"><span class="ws">        </span>Keep the tone professional, legalistic, yet clear.</pre>
<pre class="line before"><span class="ws">        </span>&#34;&#34;&#34;</pre>
<pre class="line before"><span class="ws"></span> </pre>
<pre class="line current"><span class="ws">        </span>response = self.model.generate_content(prompt)
<span class="ws">        </span>           ^^^^^^^^^^^^^^^^^^^^^^^^^^^^^^^^^^^</pre>
<pre class="line after"><span class="ws">        </span>return response.text</pre>
<pre class="line after"><span class="ws"></span> </pre>
<pre class="line after"><span class="ws">    </span>def refine_policy(self, current_policy: str, refinement_prompt: str) -&gt; str:</pre>
<pre class="line after"><span class="ws">        </span>&#34;&#34;&#34;</pre>
<pre class="line after"><span class="ws">        </span>Refines an existing policy based on natural language input.</pre></div>
</div>

<li><div class="frame" id="frame-2144846225488">
  <h4>File <cite class="filename">"C:\Users\abc\AppData\Local\Programs\Python\Python312\Lib\site-packages\google\generativeai\generative_models.py"</cite>,
      line <em class="line">331</em>,
      in <code class="function">generate_content</code></h4>
  <div class="source library"><pre class="line before"><span class="ws">                        </span>request,</pre>
<pre class="line before"><span class="ws">                        </span>**request_options,</pre>
<pre class="line before"><span class="ws">                    </span>)</pre>
<pre class="line before"><span class="ws">                </span>return generation_types.GenerateContentResponse.from_iterator(iterator)</pre>
<pre class="line before"><span class="ws">            </span>else:</pre>
<pre class="line current"><span class="ws">                </span>response = self._client.generate_content(
<span class="ws">                </span>           </pre>
<pre class="line after"><span class="ws">                    </span>request,</pre>
<pre class="line after"><span class="ws">                    </span>**request_options,</pre>
<pre class="line after"><span class="ws">                </span>)</pre>
<pre class="line after"><span class="ws">                </span>return generation_types.GenerateContentResponse.from_response(response)</pre>
<pre class="line after"><span class="ws">        </span>except google.api_core.exceptions.InvalidArgument as e:</pre></div>
</div>

<li><div class="frame" id="frame-2144846225632">
  <h4>File <cite class="filename">"C:\Users\abc\AppData\Local\Programs\Python\Python312\Lib\site-packages\google\ai\generativelanguage_v1beta\services\generative_service\client.py"</cite>,
      line <em class="line">835</em>,
      in <code class="function">generate_content</code></h4>
  <div class="source library"><pre class="line before"><span class="ws"></span> </pre>
<pre class="line before"><span class="ws">        </span># Validate the universe domain.</pre>
<pre class="line before"><span class="ws">        </span>self._validate_universe_domain()</pre>
<pre class="line before"><span class="ws"></span> </pre>
<pre class="line before"><span class="ws">        </span># Send the request.</pre>
<pre class="line current"><span class="ws">        </span>response = rpc(
<span class="ws">        </span>           </pre>
<pre class="line after"><span class="ws">            </span>request,</pre>
<pre class="line after"><span class="ws">            </span>retry=retry,</pre>
<pre class="line after"><span class="ws">            </span>timeout=timeout,</pre>
<pre class="line after"><span class="ws">            </span>metadata=metadata,</pre>
<pre class="line after"><span class="ws">        </span>)</pre></div>
</div>

<li><div class="frame" id="frame-2144846225776">
  <h4>File <cite class="filename">"C:\Users\abc\AppData\Local\Programs\Python\Python312\Lib\site-packages\google\api_core\gapic_v1\method.py"</cite>,
      line <em class="line">131</em>,
      in <code class="function">__call__</code></h4>
  <div class="source library"><pre class="line before"><span class="ws">            </span>metadata.extend(self._metadata)</pre>
<pre class="line before"><span class="ws">            </span>kwargs[&#34;metadata&#34;] = metadata</pre>
<pre class="line before"><span class="ws">        </span>if self._compression is not None:</pre>
<pre class="line before"><span class="ws">            </span>kwargs[&#34;compression&#34;] = compression</pre>
<pre class="line before"><span class="ws"></span> </pre>
<pre class="line current"><span class="ws">        </span>return wrapped_func(*args, **kwargs)
<span class="ws">        </span>       ^^^^^^^^^^^^^^^^^^^^^^^^^^^^^</pre>
<pre class="line after"><span class="ws"></span> </pre>
<pre class="line after"><span class="ws"></span> </pre>
<pre class="line after"><span class="ws"></span>def wrap_method(</pre>
<pre class="line after"><span class="ws">    </span>func,</pre>
<pre class="line after"><span class="ws">    </span>default_retry=None,</pre></div>
</div>

<li><div class="frame" id="frame-2144846225920">
  <h4>File <cite class="filename">"C:\Users\abc\AppData\Local\Programs\Python\Python312\Lib\site-packages\google\api_core\retry\retry_unary.py"</cite>,
      line <em class="line">294</em>,
      in <code class="function">retry_wrapped_func</code></h4>
  <div class="source library"><pre class="line before"><span class="ws">            </span>&#34;&#34;&#34;A wrapper that calls target function with retry.&#34;&#34;&#34;</pre>
<pre class="line before"><span class="ws">            </span>target = functools.partial(func, *args, **kwargs)</pre>
<pre class="line before"><span class="ws">            </span>sleep_generator = exponential_sleep_generator(</pre>
<pre class="line before"><span class="ws">                </span>self._initial, self._maximum, multiplier=self._multiplier</pre>
<pre class="line before"><span class="ws">            </span>)</pre>
<pre class="line current"><span class="ws">            </span>return retry_target(
<span class="ws">            </span>       </pre>
<pre class="line after"><span class="ws">                </span>target,</pre>
<pre class="line after"><span class="ws">                </span>self._predicate,</pre>
<pre class="line after"><span class="ws">                </span>sleep_generator,</pre>
<pre class="line after"><span class="ws">                </span>timeout=self._timeout,</pre>
<pre class="line after"><span class="ws">                </span>on_error=on_error,</pre></div>
</div>

<li><div class="frame" id="frame-2144846226064">
  <h4>File <cite class="filename">"C:\Users\abc\AppData\Local\Programs\Python\Python312\Lib\site-packages\google\api_core\retry\retry_unary.py"</cite>,
      line <em class="line">156</em>,
      in <code class="function">retry_target</code></h4>
  <div class="source library"><pre class="line before"><span class="ws"></span> </pre>
<pre class="line before"><span class="ws">        </span># pylint: disable=broad-except</pre>
<pre class="line before"><span class="ws">        </span># This function explicitly must deal with broad exceptions.</pre>
<pre class="line before"><span class="ws">        </span>except Exception as exc:</pre>
<pre class="line before"><span class="ws">            </span># defer to shared logic for handling errors</pre>
<pre class="line current"><span class="ws">            </span>next_sleep = _retry_error_helper(
<span class="ws">            </span>             </pre>
<pre class="line after"><span class="ws">                </span>exc,</pre>
<pre class="line after"><span class="ws">                </span>deadline,</pre>
<pre class="line after"><span class="ws">                </span>sleep_iter,</pre>
<pre class="line after"><span class="ws">                </span>error_list,</pre>
<pre class="line after"><span class="ws">                </span>predicate,</pre></div>
</div>

<li><div class="frame" id="frame-2144846226208">
  <h4>File <cite class="filename">"C:\Users\abc\AppData\Local\Programs\Python\Python312\Lib\site-packages\google\api_core\retry\retry_base.py"</cite>,
      line <em class="line">214</em>,
      in <code class="function">_retry_error_helper</code></h4>
  <div class="source library"><pre class="line before"><span class="ws">        </span>final_exc, source_exc = exc_factory_fn(</pre>
<pre class="line before"><span class="ws">            </span>error_list,</pre>
<pre class="line before"><span class="ws">            </span>RetryFailureReason.NON_RETRYABLE_ERROR,</pre>
<pre class="line before"><span class="ws">            </span>original_timeout,</pre>
<pre class="line before"><span class="ws">        </span>)</pre>
<pre class="line current"><span class="ws">        </span>raise final_exc from source_exc
<span class="ws">        </span>^^^^^^^^^^^^^^^^^^^^^^^^^^^^^^^</pre>
<pre class="line after"><span class="ws">    </span>if on_error_fn is not None:</pre>
<pre class="line after"><span class="ws">        </span>on_error_fn(exc)</pre>
<pre class="line after"><span class="ws">    </span># next_sleep is fetched after the on_error callback, to allow clients</pre>
<pre class="line after"><span class="ws">    </span># to update sleep_iterator values dynamically in response to errors</pre>
<pre class="line after"><span class="ws">    </span>try:</pre></div>
</div>

<li><div class="frame" id="frame-2144846226352">
  <h4>File <cite class="filename">"C:\Users\abc\AppData\Local\Programs\Python\Python312\Lib\site-packages\google\api_core\retry\retry_unary.py"</cite>,
      line <em class="line">147</em>,
      in <code class="function">retry_target</code></h4>
  <div class="source library"><pre class="line before"><span class="ws"></span> </pre>
<pre class="line before"><span class="ws">    </span># continue trying until an attempt completes, or a terminal exception is raised in _retry_error_helper</pre>
<pre class="line before"><span class="ws">    </span># TODO: support max_attempts argument: https://github.com/googleapis/python-api-core/issues/535</pre>
<pre class="line before"><span class="ws">    </span>while True:</pre>
<pre class="line before"><span class="ws">        </span>try:</pre>
<pre class="line current"><span class="ws">            </span>result = target()
<span class="ws">            </span>         ^^^^^^^^</pre>
<pre class="line after"><span class="ws">            </span>if inspect.isawaitable(result):</pre>
<pre class="line after"><span class="ws">                </span>warnings.warn(_ASYNC_RETRY_WARNING)</pre>
<pre class="line after"><span class="ws">            </span>return result</pre>
<pre class="line after"><span class="ws"></span> </pre>
<pre class="line after"><span class="ws">        </span># pylint: disable=broad-except</pre></div>
</div>

<li><div class="frame" id="frame-2144846226496">
  <h4>File <cite class="filename">"C:\Users\abc\AppData\Local\Programs\Python\Python312\Lib\site-packages\google\api_core\timeout.py"</cite>,
      line <em class="line">130</em>,
      in <code class="function">func_with_timeout</code></h4>
  <div class="source library"><pre class="line before"><span class="ws">                </span>if remaining_timeout &lt; 1:</pre>
<pre class="line before"><span class="ws">                    </span>remaining_timeout = self._timeout</pre>
<pre class="line before"><span class="ws"></span> </pre>
<pre class="line before"><span class="ws">                </span>kwargs[&#34;timeout&#34;] = remaining_timeout</pre>
<pre class="line before"><span class="ws"></span> </pre>
<pre class="line current"><span class="ws">            </span>return func(*args, **kwargs)
<span class="ws">            </span>       ^^^^^^^^^^^^^^^^^^^^^</pre>
<pre class="line after"><span class="ws"></span> </pre>
<pre class="line after"><span class="ws">        </span>return func_with_timeout</pre>
<pre class="line after"><span class="ws"></span> </pre>
<pre class="line after"><span class="ws">    </span>def __str__(self):</pre>
<pre class="line after"><span class="ws">        </span>return &#34;&lt;TimeToDeadlineTimeout timeout={:.1f}&gt;&#34;.format(self._timeout)</pre></div>
</div>

<li><div class="frame" id="frame-2144846226640">
  <h4>File <cite class="filename">"C:\Users\abc\AppData\Local\Programs\Python\Python312\Lib\site-packages\google\api_core\grpc_helpers.py"</cite>,
      line <em class="line">77</em>,
      in <code class="function">error_remapped_callable</code></h4>
  <div class="source library"><pre class="line before"><span class="ws">    </span>@functools.wraps(callable_)</pre>
<pre class="line before"><span class="ws">    </span>def error_remapped_callable(*args, **kwargs):</pre>
<pre class="line before"><span class="ws">        </span>try:</pre>
<pre class="line before"><span class="ws">            </span>return callable_(*args, **kwargs)</pre>
<pre class="line before"><span class="ws">        </span>except grpc.RpcError as exc:</pre>
<pre class="line current"><span class="ws">            </span>raise exceptions.from_grpc_error(exc) from exc
<span class="ws">            </span>^^^^^^^^^^^^^^^^^^^^^^^^^^^^^^^^^^^^^^^^^^^^^^</pre>
<pre class="line after"><span class="ws"></span> </pre>
<pre class="line after"><span class="ws">    </span>return error_remapped_callable</pre>
<pre class="line after"><span class="ws"></span> </pre>
<pre class="line after"><span class="ws"></span> </pre>
<pre class="line after"><span class="ws"></span>class _StreamingResponseIterator(Generic[P], grpc.Call):</pre></div>
</div>
</ul>
  <blockquote>google.api_core.exceptions.NotFound: 404 models/gemini-pro is not found for API version v1beta, or is not supported for generateContent. Call ListModels to see the list of available models and their supported methods.
</blockquote>
</div>

<div class="plain">
    <p>
      This is the Copy/Paste friendly version of the traceback.
    </p>
    <textarea cols="50" rows="10" name="code" readonly>Traceback (most recent call last):
  File &#34;C:\Users\abc\AppData\Local\Programs\Python\Python312\Lib\site-packages\flask\app.py&#34;, line 1478, in __call__
    return self.wsgi_app(environ, start_response)
           ^^^^^^^^^^^^^^^^^^^^^^^^^^^^^^^^^^^^^^
  File &#34;C:\Users\abc\AppData\Local\Programs\Python\Python312\Lib\site-packages\flask\app.py&#34;, line 1458, in wsgi_app
    response = self.handle_exception(e)
               ^^^^^^^^^^^^^^^^^^^^^^^^
  File &#34;C:\Users\abc\AppData\Local\Programs\Python\Python312\Lib\site-packages\flask_cors\extension.py&#34;, line 176, in wrapped_function
    return cors_after_request(app.make_response(f(*args, **kwargs)))
                                                ^^^^^^^^^^^^^^^^^^^^
  File &#34;C:\Users\abc\AppData\Local\Programs\Python\Python312\Lib\site-packages\flask\app.py&#34;, line 1455, in wsgi_app
    response = self.full_dispatch_request()
               ^^^^^^^^^^^^^^^^^^^^^^^^^^^^
  File &#34;C:\Users\abc\AppData\Local\Programs\Python\Python312\Lib\site-packages\flask\app.py&#34;, line 869, in full_dispatch_request
    rv = self.handle_user_exception(e)
         ^^^^^^^^^^^^^^^^^^^^^^^^^^^^^
  File &#34;C:\Users\abc\AppData\Local\Programs\Python\Python312\Lib\site-packages\flask_cors\extension.py&#34;, line 176, in wrapped_function
    return cors_after_request(app.make_response(f(*args, **kwargs)))
                                                ^^^^^^^^^^^^^^^^^^^^
  File &#34;C:\Users\abc\AppData\Local\Programs\Python\Python312\Lib\site-packages\flask\app.py&#34;, line 867, in full_dispatch_request
    rv = self.dispatch_request()
         ^^^^^^^^^^^^^^^^^^^^^^^
  File &#34;C:\Users\abc\AppData\Local\Programs\Python\Python312\Lib\site-packages\flask\app.py&#34;, line 852, in dispatch_request
    return self.ensure_sync(self.view_functions[rule.endpoint])(**view_args)
           ^^^^^^^^^^^^^^^^^^^^^^^^^^^^^^^^^^^^^^^^^^^^^^^^^^^^^^^^^^^^^^^^^
  File &#34;C:\Users\abc\Desktop\SB\insurence\backend\routes\policy_routes.py&#34;, line 32, in create_policy
    policy_text = ai_service.generate_policy(
                  ^^^^^^^^^^^^^^^^^^^^^^^^^^^
  File &#34;C:\Users\abc\Desktop\SB\insurence\backend\services\ai_service.py&#34;, line 38, in generate_policy
    response = self.model.generate_content(prompt)
               ^^^^^^^^^^^^^^^^^^^^^^^^^^^^^^^^^^^
  File &#34;C:\Users\abc\AppData\Local\Programs\Python\Python312\Lib\site-packages\google\generativeai\generative_models.py&#34;, line 331, in generate_content
    response = self._client.generate_content(
               ^^^^^^^^^^^^^^^^^^^^^^^^^^^^^^
  File &#34;C:\Users\abc\AppData\Local\Programs\Python\Python312\Lib\site-packages\google\ai\generativelanguage_v1beta\services\generative_service\client.py&#34;, line 835, in generate_content
    response = rpc(
               ^^^^
  File &#34;C:\Users\abc\AppData\Local\Programs\Python\Python312\Lib\site-packages\google\api_core\gapic_v1\method.py&#34;, line 131, in __call__
    return wrapped_func(*args, **kwargs)
           ^^^^^^^^^^^^^^^^^^^^^^^^^^^^^
  File &#34;C:\Users\abc\AppData\Local\Programs\Python\Python312\Lib\site-packages\google\api_core\retry\retry_unary.py&#34;, line 294, in retry_wrapped_func
    return retry_target(
           ^^^^^^^^^^^^^
  File &#34;C:\Users\abc\AppData\Local\Programs\Python\Python312\Lib\site-packages\google\api_core\retry\retry_unary.py&#34;, line 156, in retry_target
    next_sleep = _retry_error_helper(
                 ^^^^^^^^^^^^^^^^^^^^
  File &#34;C:\Users\abc\AppData\Local\Programs\Python\Python312\Lib\site-packages\google\api_core\retry\retry_base.py&#34;, line 214, in _retry_error_helper
    raise final_exc from source_exc
  File &#34;C:\Users\abc\AppData\Local\Programs\Python\Python312\Lib\site-packages\google\api_core\retry\retry_unary.py&#34;, line 147, in retry_target
    result = target()
             ^^^^^^^^
  File &#34;C:\Users\abc\AppData\Local\Programs\Python\Python312\Lib\site-packages\google\api_core\timeout.py&#34;, line 130, in func_with_timeout
    return func(*args, **kwargs)
           ^^^^^^^^^^^^^^^^^^^^^
  File &#34;C:\Users\abc\AppData\Local\Programs\Python\Python312\Lib\site-packages\google\api_core\grpc_helpers.py&#34;, line 77, in error_remapped_callable
    raise exceptions.from_grpc_error(exc) from exc
google.api_core.exceptions.NotFound: 404 models/gemini-pro is not found for API version v1beta, or is not supported for generateContent. Call ListModels to see the list of available models and their supported methods.
</textarea>
</div>
<div class="explanation">
  The debugger caught an exception in your WSGI application.  You can now
  look at the traceback which led to the error.  <span class="nojavascript">
  If you enable JavaScript you can also use additional features such as code
  execution (if the evalex feature is enabled), automatic pasting of the
  exceptions and much more.</span>
</div>
      <div class="footer">
        Brought to you by <strong class="arthur">DON'T PANIC</strong>, your
        friendly Werkzeug powered traceback interpreter.
      </div>
    </div>

    <div class="pin-prompt">
      <div class="inner">
        <h3>Console Locked</h3>
        <p>
          The console is locked and needs to be unlocked by entering the PIN.
          You can find the PIN printed out on the standard output of your
          shell that runs the server.
        <form>
          <p>PIN:
            <input type=text name=pin size=14>
            <input type=submit name=btn value="Confirm Pin">
        </form>
      </div>
    </div>
  </body>
</html>

<!--

Traceback (most recent call last):
  File "C:\Users\abc\AppData\Local\Programs\Python\Python312\Lib\site-packages\flask\app.py", line 1478, in __call__
    return self.wsgi_app(environ, start_response)
           ^^^^^^^^^^^^^^^^^^^^^^^^^^^^^^^^^^^^^^
  File "C:\Users\abc\AppData\Local\Programs\Python\Python312\Lib\site-packages\flask\app.py", line 1458, in wsgi_app
    response = self.handle_exception(e)
               ^^^^^^^^^^^^^^^^^^^^^^^^
  File "C:\Users\abc\AppData\Local\Programs\Python\Python312\Lib\site-packages\flask_cors\extension.py", line 176, in wrapped_function
    return cors_after_request(app.make_response(f(*args, **kwargs)))
                                                ^^^^^^^^^^^^^^^^^^^^
  File "C:\Users\abc\AppData\Local\Programs\Python\Python312\Lib\site-packages\flask\app.py", line 1455, in wsgi_app
    response = self.full_dispatch_request()
               ^^^^^^^^^^^^^^^^^^^^^^^^^^^^
  File "C:\Users\abc\AppData\Local\Programs\Python\Python312\Lib\site-packages\flask\app.py", line 869, in full_dispatch_request
    rv = self.handle_user_exception(e)
         ^^^^^^^^^^^^^^^^^^^^^^^^^^^^^
  File "C:\Users\abc\AppData\Local\Programs\Python\Python312\Lib\site-packages\flask_cors\extension.py", line 176, in wrapped_function
    return cors_after_request(app.make_response(f(*args, **kwargs)))
                                                ^^^^^^^^^^^^^^^^^^^^
  File "C:\Users\abc\AppData\Local\Programs\Python\Python312\Lib\site-packages\flask\app.py", line 867, in full_dispatch_request
    rv = self.dispatch_request()
         ^^^^^^^^^^^^^^^^^^^^^^^
  File "C:\Users\abc\AppData\Local\Programs\Python\Python312\Lib\site-packages\flask\app.py", line 852, in dispatch_request
    return self.ensure_sync(self.view_functions[rule.endpoint])(**view_args)
           ^^^^^^^^^^^^^^^^^^^^^^^^^^^^^^^^^^^^^^^^^^^^^^^^^^^^^^^^^^^^^^^^^
  File "C:\Users\abc\Desktop\SB\insurence\backend\routes\policy_routes.py", line 32, in create_policy
    policy_text = ai_service.generate_policy(
                  ^^^^^^^^^^^^^^^^^^^^^^^^^^^
  File "C:\Users\abc\Desktop\SB\insurence\backend\services\ai_service.py", line 38, in generate_policy
    response = self.model.generate_content(prompt)
               ^^^^^^^^^^^^^^^^^^^^^^^^^^^^^^^^^^^
  File "C:\Users\abc\AppData\Local\Programs\Python\Python312\Lib\site-packages\google\generativeai\generative_models.py", line 331, in generate_content
    response = self._client.generate_content(
               ^^^^^^^^^^^^^^^^^^^^^^^^^^^^^^
  File "C:\Users\abc\AppData\Local\Programs\Python\Python312\Lib\site-packages\google\ai\generativelanguage_v1beta\services\generative_service\client.py", line 835, in generate_content
    response = rpc(
               ^^^^
  File "C:\Users\abc\AppData\Local\Programs\Python\Python312\Lib\site-packages\google\api_core\gapic_v1\method.py", line 131, in __call__
    return wrapped_func(*args, **kwargs)
           ^^^^^^^^^^^^^^^^^^^^^^^^^^^^^
  File "C:\Users\abc\AppData\Local\Programs\Python\Python312\Lib\site-packages\google\api_core\retry\retry_unary.py", line 294, in retry_wrapped_func
    return retry_target(
           ^^^^^^^^^^^^^
  File "C:\Users\abc\AppData\Local\Programs\Python\Python312\Lib\site-packages\google\api_core\retry\retry_unary.py", line 156, in retry_target
    next_sleep = _retry_error_helper(
                 ^^^^^^^^^^^^^^^^^^^^
  File "C:\Users\abc\AppData\Local\Programs\Python\Python312\Lib\site-packages\google\api_core\retry\retry_base.py", line 214, in _retry_error_helper
    raise final_exc from source_exc
  File "C:\Users\abc\AppData\Local\Programs\Python\Python312\Lib\site-packages\google\api_core\retry\retry_unary.py", line 147, in retry_target
    result = target()
             ^^^^^^^^
  File "C:\Users\abc\AppData\Local\Programs\Python\Python312\Lib\site-packages\google\api_core\timeout.py", line 130, in func_with_timeout
    return func(*args, **kwargs)
           ^^^^^^^^^^^^^^^^^^^^^
  File "C:\Users\abc\AppData\Local\Programs\Python\Python312\Lib\site-packages\google\api_core\grpc_helpers.py", line 77, in error_remapped_callable
    raise exceptions.from_grpc_error(exc) from exc
google.api_core.exceptions.NotFound: 404 models/gemini-pro is not found for API version v1beta, or is not supported for generateContent. Call ListModels to see the list of available models and their supported methods.


-->


Testing Frontend Reachability...
Frontend: 200 - Reachable
